WARNING: We recommend using a newer Android Gradle plugin to use compileSdk = 36

This Android Gradle plugin (8.7.3) was tested up to compileSdk = 35.

You are strongly encouraged to update your project to use a newer
Android Gradle plugin that has been tested with compileSdk = 36.

If you are already using the latest version of the Android Gradle plugin,
you may need to wait until a newer version with support for compileSdk = 36 is available.

For more information refer to the compatibility table:
https://d.android.com/r/tools/api-level-support

To suppress this warning, add/update
    android.suppressUnsupportedCompileSdk=36
to this project's gradle.properties.
> Task :app:preBuild UP-TO-DATE
> Task :app:preDebugBuild UP-TO-DATE
> Task :app:mergeDebugNativeDebugMetadata NO-SOURCE
> Task :app:checkKotlinGradlePluginConfigurationErrors SKIPPED
> Task :app:checkDebugAarMetadata UP-TO-DATE
> Task :app:generateDebugResValues UP-TO-DATE
> Task :app:mapDebugSourceSetPaths UP-TO-DATE
> Task :app:generateDebugResources UP-TO-DATE
> Task :app:mergeDebugResources UP-TO-DATE
> Task :app:packageDebugResources UP-TO-DATE
> Task :app:parseDebugLocalResources UP-TO-DATE
> Task :app:createDebugCompatibleScreenManifests UP-TO-DATE
> Task :app:extractDeepLinksDebug UP-TO-DATE
> Task :app:processDebugMainManifest UP-TO-DATE
> Task :app:processDebugManifest UP-TO-DATE
> Task :app:processDebugManifestForPackage UP-TO-DATE
> Task :app:processDebugResources UP-TO-DATE
> Task :app:javaPreCompileDebug UP-TO-DATE
> Task :app:mergeDebugShaders UP-TO-DATE
> Task :app:compileDebugShaders NO-SOURCE
> Task :app:generateDebugAssets UP-TO-DATE
> Task :app:mergeDebugAssets UP-TO-DATE
> Task :app:compressDebugAssets UP-TO-DATE
> Task :app:desugarDebugFileDependencies UP-TO-DATE
> Task :app:checkDebugDuplicateClasses UP-TO-DATE
> Task :app:mergeExtDexDebug UP-TO-DATE
> Task :app:mergeLibDexDebug UP-TO-DATE
> Task :app:mergeDebugJniLibFolders UP-TO-DATE
> Task :app:mergeDebugNativeLibs UP-TO-DATE
> Task :app:stripDebugDebugSymbols UP-TO-DATE
> Task :app:validateSigningDebug UP-TO-DATE
> Task :app:writeDebugAppMetadata UP-TO-DATE
> Task :app:writeDebugSigningConfigVersions UP-TO-DATE
> Task :app:kspDebugKotlin

> Task :app:compileDebugKotlin
w: file:///D:/Live_Medica/ocrapp/app/src/main/java/com/app/ocrscanner/ui/screens/camera/CameraScreen.kt:75:26 'val LocalLifecycleOwner: ProvidableCompositionLocal<LifecycleOwner>' is deprecated. Moved to lifecycle-runtime-compose library in androidx.lifecycle.compose package.
w: file:///D:/Live_Medica/ocrapp/app/src/main/java/com/app/ocrscanner/ui/screens/crop/CropScreen.kt:88:45 'val Icons.Outlined.ArrowBack: ImageVector' is deprecated. Use the AutoMirrored version at Icons.AutoMirrored.Outlined.ArrowBack.
w: file:///D:/Live_Medica/ocrapp/app/src/main/java/com/app/ocrscanner/ui/screens/crop/CropScreen.kt:144:59 'val Icons.Outlined.RotateRight: ImageVector' is deprecated. Use the AutoMirrored version at Icons.AutoMirrored.Outlined.RotateRight.
w: file:///D:/Live_Medica/ocrapp/app/src/main/java/com/app/ocrscanner/ui/screens/document/DocumentDetailScreen.kt:162:41 'val Icons.Outlined.ArrowBack: ImageVector' is deprecated. Use the AutoMirrored version at Icons.AutoMirrored.Outlined.ArrowBack.
w: file:///D:/Live_Medica/ocrapp/app/src/main/java/com/app/ocrscanner/ui/screens/document/DocumentDetailScreen.kt:471:43 'val Icons.Outlined.TextSnippet: ImageVector' is deprecated. Use the AutoMirrored version at Icons.AutoMirrored.Outlined.TextSnippet.
w: file:///D:/Live_Medica/ocrapp/app/src/main/java/com/app/ocrscanner/ui/screens/document/DocumentDetailScreen.kt:473:43 'val Icons.Outlined.RotateRight: ImageVector' is deprecated. Use the AutoMirrored version at Icons.AutoMirrored.Outlined.RotateRight.
w: file:///D:/Live_Medica/ocrapp/app/src/main/java/com/app/ocrscanner/ui/screens/home/HomeScreen.kt:316:39 'val Icons.Outlined.TextSnippet: ImageVector' is deprecated. Use the AutoMirrored version at Icons.AutoMirrored.Outlined.TextSnippet.
w: file:///D:/Live_Medica/ocrapp/app/src/main/java/com/app/ocrscanner/ui/screens/home/HomeScreen.kt:493:32 'val Icons.Outlined.TextSnippet: ImageVector' is deprecated. Use the AutoMirrored version at Icons.AutoMirrored.Outlined.TextSnippet.
w: file:///D:/Live_Medica/ocrapp/app/src/main/java/com/app/ocrscanner/ui/screens/ocr/OcrResultScreen.kt:113:41 'val Icons.Outlined.ArrowBack: ImageVector' is deprecated. Use the AutoMirrored version at Icons.AutoMirrored.Outlined.ArrowBack.
w: file:///D:/Live_Medica/ocrapp/app/src/main/java/com/app/ocrscanner/ui/screens/ocr/OcrResultScreen.kt:245:52 'val Icons.Outlined.FormatAlignLeft: ImageVector' is deprecated. Use the AutoMirrored version at Icons.AutoMirrored.Outlined.FormatAlignLeft.
w: file:///D:/Live_Medica/ocrapp/app/src/main/java/com/app/ocrscanner/ui/screens/ocr/OcrResultScreen.kt:246:53 'val Icons.Outlined.FormatListBulleted: ImageVector' is deprecated. Use the AutoMirrored version at Icons.AutoMirrored.Outlined.FormatListBulleted.

> Task :app:compileDebugJavaWithJavac
> Task :app:hiltAggregateDepsDebug
> Task :app:hiltJavaCompileDebug
> Task :app:processDebugJavaRes
> Task :app:transformDebugClassesWithAsm
> Task :app:mergeDebugJavaResource
> Task :app:dexBuilderDebug
> Task :app:mergeDebugGlobalSynthetics
> Task :app:mergeProjectDexDebug
> Task :app:packageDebug
> Task :app:createDebugApkListingFileRedirect
> Task :app:assembleDebug

BUILD SUCCESSFUL in 29s
40 actionable tasks: 13 executed, 27 up-to-date
